// Jest Snapshot v1, https://goo.gl/fbAQLP

exports[`App render 1`] = `
<div
  className="Translation"
>
  <div
    className="CustomBrowserRouter"
  >
    <div
      className="AppRoutes"
    >
      Router content
    </div>
  </div>
</div>
`;
